192.168.1.10 - - [07/Mar/2026:09:00:14 -0500] "GET /index.html HTTP/1.1" 200 5432 "-" "Mozilla/5.0 (Windows NT 10.0; Win64; x64) AppleWebKit/537.36"
192.168.1.22 - - [07/Mar/2026:09:01:03 -0500] "GET /index.html HTTP/1.1" 200 5432 "-" "Mozilla/5.0 (Macintosh; Intel Mac OS X 10_15_7) AppleWebKit/537.36"
192.168.1.31 - - [07/Mar/2026:09:01:47 -0500] "GET /about HTTP/1.1" 200 3210 "-" "Mozilla/5.0 (X11; Linux x86_64) AppleWebKit/537.36"
192.168.1.10 - - [07/Mar/2026:09:02:19 -0500] "GET /images/logo.png HTTP/1.1" 200 12840 "https://example.local/" "Mozilla/5.0 (Windows NT 10.0; Win64; x64) AppleWebKit/537.36"
192.168.1.44 - - [07/Mar/2026:09:03:05 -0500] "GET /products/widget-a HTTP/1.1" 200 4780 "https://example.local/" "Mozilla/5.0 (iPhone; CPU iPhone OS 17_0 like Mac OS X)"
192.168.1.22 - - [07/Mar/2026:09:03:52 -0500] "GET /api/data HTTP/1.1" 200 890 "-" "Mozilla/5.0 (Macintosh; Intel Mac OS X 10_15_7) AppleWebKit/537.36"
192.168.1.55 - - [07/Mar/2026:09:04:38 -0500] "GET /products/widget-b HTTP/1.1" 200 5120 "https://example.local/products/" "Mozilla/5.0 (Windows NT 10.0; Win64; x64) AppleWebKit/537.36"
192.168.1.31 - - [07/Mar/2026:09:05:11 -0500] "GET /images/hero.jpg HTTP/1.1" 200 98430 "https://example.local/" "Mozilla/5.0 (X11; Linux x86_64) AppleWebKit/537.36"
192.168.1.10 - - [07/Mar/2026:09:06:02 -0500] "GET /api/data HTTP/1.1" 200 1024 "-" "Mozilla/5.0 (Windows NT 10.0; Win64; x64) AppleWebKit/537.36"
192.168.1.66 - - [07/Mar/2026:09:06:44 -0500] "GET /index.html HTTP/1.1" 200 5432 "-" "Mozilla/5.0 (iPad; CPU OS 16_6 like Mac OS X)"
192.168.1.44 - - [07/Mar/2026:09:07:29 -0500] "GET /products/widget-c HTTP/1.1" 200 4320 "https://example.local/products/" "Mozilla/5.0 (iPhone; CPU iPhone OS 17_0 like Mac OS X)"
192.168.1.55 - - [07/Mar/2026:09:08:15 -0500] "GET /about HTTP/1.1" 200 3210 "-" "Mozilla/5.0 (Windows NT 10.0; Win64; x64) AppleWebKit/537.36"
192.168.1.22 - - [07/Mar/2026:09:09:01 -0500] "GET /images/banner.jpg HTTP/1.1" 200 54210 "https://example.local/" "Mozilla/5.0 (Macintosh; Intel Mac OS X 10_15_7) AppleWebKit/537.36"
192.168.1.31 - - [07/Mar/2026:09:09:47 -0500] "GET /api/data HTTP/1.1" 200 760 "-" "Mozilla/5.0 (X11; Linux x86_64) AppleWebKit/537.36"
192.168.1.66 - - [07/Mar/2026:09:10:33 -0500] "GET /products/widget-a HTTP/1.1" 200 4780 "https://example.local/" "Mozilla/5.0 (iPad; CPU OS 16_6 like Mac OS X)"
192.168.1.10 - - [07/Mar/2026:09:11:20 -0500] "GET /index.html HTTP/1.1" 200 5432 "-" "Mozilla/5.0 (Windows NT 10.0; Win64; x64) AppleWebKit/537.36"
192.168.1.44 - - [07/Mar/2026:09:12:06 -0500] "GET /images/logo.png HTTP/1.1" 200 12840 "https://example.local/" "Mozilla/5.0 (iPhone; CPU iPhone OS 17_0 like Mac OS X)"
192.168.1.55 - - [07/Mar/2026:09:12:51 -0500] "GET /api/data HTTP/1.1" 200 1100 "-" "Mozilla/5.0 (Windows NT 10.0; Win64; x64) AppleWebKit/537.36"
192.168.1.31 - - [07/Mar/2026:09:13:37 -0500] "GET /products/widget-b HTTP/1.1" 200 5120 "https://example.local/products/" "Mozilla/5.0 (X11; Linux x86_64) AppleWebKit/537.36"
192.168.1.22 - - [07/Mar/2026:09:14:24 -0500] "GET /about HTTP/1.1" 200 3210 "-" "Mozilla/5.0 (Macintosh; Intel Mac OS X 10_15_7) AppleWebKit/537.36"
192.168.1.66 - - [07/Mar/2026:09:15:10 -0500] "GET /api/data HTTP/1.1" 200 945 "-" "Mozilla/5.0 (iPad; CPU OS 16_6 like Mac OS X)"
192.168.1.10 - - [07/Mar/2026:09:15:55 -0500] "GET /products/widget-c HTTP/1.1" 200 4320 "https://example.local/products/" "Mozilla/5.0 (Windows NT 10.0; Win64; x64) AppleWebKit/537.36"
192.168.1.44 - - [07/Mar/2026:09:16:41 -0500] "GET /images/hero.jpg HTTP/1.1" 200 98430 "https://example.local/" "Mozilla/5.0 (iPhone; CPU iPhone OS 17_0 like Mac OS X)"
192.168.1.55 - - [07/Mar/2026:09:17:28 -0500] "GET /index.html HTTP/1.1" 200 5432 "-" "Mozilla/5.0 (Windows NT 10.0; Win64; x64) AppleWebKit/537.36"
192.168.1.31 - - [07/Mar/2026:09:18:14 -0500] "GET /api/data HTTP/1.1" 200 830 "-" "Mozilla/5.0 (X11; Linux x86_64) AppleWebKit/537.36"
192.168.1.66 - - [07/Mar/2026:09:19:00 -0500] "GET /products/widget-a HTTP/1.1" 200 4780 "https://example.local/products/" "Mozilla/5.0 (iPad; CPU OS 16_6 like Mac OS X)"
192.168.1.22 - - [07/Mar/2026:09:19:46 -0500] "GET /images/logo.png HTTP/1.1" 200 12840 "https://example.local/" "Mozilla/5.0 (Macintosh; Intel Mac OS X 10_15_7) AppleWebKit/537.36"
192.168.1.10 - - [07/Mar/2026:09:20:32 -0500] "GET /about HTTP/1.1" 200 3210 "-" "Mozilla/5.0 (Windows NT 10.0; Win64; x64) AppleWebKit/537.36"
192.168.1.44 - - [07/Mar/2026:09:21:19 -0500] "GET /api/data HTTP/1.1" 200 1230 "-" "Mozilla/5.0 (iPhone; CPU iPhone OS 17_0 like Mac OS X)"
192.168.1.55 - - [07/Mar/2026:09:22:05 -0500] "GET /products/widget-b HTTP/1.1" 200 5120 "https://example.local/products/" "Mozilla/5.0 (Windows NT 10.0; Win64; x64) AppleWebKit/537.36"
192.168.1.31 - - [07/Mar/2026:09:22:51 -0500] "GET /index.html HTTP/1.1" 200 5432 "-" "Mozilla/5.0 (X11; Linux x86_64) AppleWebKit/537.36"
192.168.1.66 - - [07/Mar/2026:09:23:38 -0500] "GET /images/banner.jpg HTTP/1.1" 200 54210 "https://example.local/" "Mozilla/5.0 (iPad; CPU OS 16_6 like Mac OS X)"
192.168.1.22 - - [07/Mar/2026:09:24:24 -0500] "GET /api/data HTTP/1.1" 200 780 "-" "Mozilla/5.0 (Macintosh; Intel Mac OS X 10_15_7) AppleWebKit/537.36"
192.168.1.10 - - [07/Mar/2026:09:25:10 -0500] "GET /products/widget-c HTTP/1.1" 200 4320 "https://example.local/products/" "Mozilla/5.0 (Windows NT 10.0; Win64; x64) AppleWebKit/537.36"
192.168.1.44 - - [07/Mar/2026:09:25:57 -0500] "GET /about HTTP/1.1" 200 3210 "-" "Mozilla/5.0 (iPhone; CPU iPhone OS 17_0 like Mac OS X)"
192.168.1.55 - - [07/Mar/2026:09:26:43 -0500] "GET /index.html HTTP/1.1" 200 5432 "-" "Mozilla/5.0 (Windows NT 10.0; Win64; x64) AppleWebKit/537.36"
192.168.1.31 - - [07/Mar/2026:09:27:29 -0500] "GET /api/data HTTP/1.1" 200 1050 "-" "Mozilla/5.0 (X11; Linux x86_64) AppleWebKit/537.36"
192.168.1.66 - - [07/Mar/2026:09:28:15 -0500] "GET /products/widget-a HTTP/1.1" 200 4780 "https://example.local/products/" "Mozilla/5.0 (iPad; CPU OS 16_6 like Mac OS X)"
192.168.1.22 - - [07/Mar/2026:09:29:02 -0500] "GET /images/hero.jpg HTTP/1.1" 200 98430 "https://example.local/" "Mozilla/5.0 (Macintosh; Intel Mac OS X 10_15_7) AppleWebKit/537.36"
192.168.1.10 - - [07/Mar/2026:09:29:48 -0500] "GET /api/data HTTP/1.1" 200 910 "-" "Mozilla/5.0 (Windows NT 10.0; Win64; x64) AppleWebKit/537.36"
192.168.1.44 - - [07/Mar/2026:09:30:35 -0500] "GET /index.html HTTP/1.1" 200 5432 "-" "Mozilla/5.0 (iPhone; CPU iPhone OS 17_0 like Mac OS X)"
192.168.1.55 - - [07/Mar/2026:09:31:21 -0500] "GET /products/widget-b HTTP/1.1" 200 5120 "https://example.local/products/" "Mozilla/5.0 (Windows NT 10.0; Win64; x64) AppleWebKit/537.36"
192.168.1.31 - - [07/Mar/2026:09:32:07 -0500] "GET /about HTTP/1.1" 200 3210 "-" "Mozilla/5.0 (X11; Linux x86_64) AppleWebKit/537.36"
192.168.1.66 - - [07/Mar/2026:09:32:53 -0500] "GET /api/data HTTP/1.1" 200 870 "-" "Mozilla/5.0 (iPad; CPU OS 16_6 like Mac OS X)"
192.168.1.22 - - [07/Mar/2026:09:33:39 -0500] "GET /images/logo.png HTTP/1.1" 200 12840 "https://example.local/" "Mozilla/5.0 (Macintosh; Intel Mac OS X 10_15_7) AppleWebKit/537.36"
192.168.1.10 - - [07/Mar/2026:09:34:25 -0500] "GET /products/widget-c HTTP/1.1" 200 4320 "https://example.local/products/" "Mozilla/5.0 (Windows NT 10.0; Win64; x64) AppleWebKit/537.36"
192.168.1.44 - - [07/Mar/2026:09:35:11 -0500] "GET /api/data HTTP/1.1" 200 1180 "-" "Mozilla/5.0 (iPhone; CPU iPhone OS 17_0 like Mac OS X)"
192.168.1.55 - - [07/Mar/2026:09:35:57 -0500] "GET /index.html HTTP/1.1" 200 5432 "-" "Mozilla/5.0 (Windows NT 10.0; Win64; x64) AppleWebKit/537.36"
192.168.1.31 - - [07/Mar/2026:09:36:43 -0500] "GET /images/banner.jpg HTTP/1.1" 200 54210 "https://example.local/" "Mozilla/5.0 (X11; Linux x86_64) AppleWebKit/537.36"
192.168.1.66 - - [07/Mar/2026:09:37:29 -0500] "GET /about HTTP/1.1" 200 3210 "-" "Mozilla/5.0 (iPad; CPU OS 16_6 like Mac OS X)"
192.168.1.22 - - [07/Mar/2026:09:38:15 -0500] "GET /products/widget-a HTTP/1.1" 200 4780 "https://example.local/products/" "Mozilla/5.0 (Macintosh; Intel Mac OS X 10_15_7) AppleWebKit/537.36"
192.168.1.10 - - [07/Mar/2026:09:39:01 -0500] "GET /api/data HTTP/1.1" 200 995 "-" "Mozilla/5.0 (Windows NT 10.0; Win64; x64) AppleWebKit/537.36"
192.168.1.44 - - [07/Mar/2026:09:39:47 -0500] "GET /index.html HTTP/1.1" 200 5432 "-" "Mozilla/5.0 (iPhone; CPU iPhone OS 17_0 like Mac OS X)"
192.168.1.55 - - [07/Mar/2026:09:40:33 -0500] "GET /products/widget-b HTTP/1.1" 200 5120 "https://example.local/products/" "Mozilla/5.0 (Windows NT 10.0; Win64; x64) AppleWebKit/537.36"
192.168.1.31 - - [07/Mar/2026:09:41:19 -0500] "GET /api/data HTTP/1.1" 200 840 "-" "Mozilla/5.0 (X11; Linux x86_64) AppleWebKit/537.36"
192.168.1.66 - - [07/Mar/2026:09:42:05 -0500] "GET /images/hero.jpg HTTP/1.1" 200 98430 "https://example.local/" "Mozilla/5.0 (iPad; CPU OS 16_6 like Mac OS X)"
192.168.1.22 - - [07/Mar/2026:09:42:51 -0500] "GET /index.html HTTP/1.1" 200 5432 "-" "Mozilla/5.0 (Macintosh; Intel Mac OS X 10_15_7) AppleWebKit/537.36"
192.168.1.10 - - [07/Mar/2026:09:43:37 -0500] "GET /about HTTP/1.1" 200 3210 "-" "Mozilla/5.0 (Windows NT 10.0; Win64; x64) AppleWebKit/537.36"
192.168.1.44 - - [07/Mar/2026:09:44:23 -0500] "GET /api/data HTTP/1.1" 200 1090 "-" "Mozilla/5.0 (iPhone; CPU iPhone OS 17_0 like Mac OS X)"
192.168.1.31 - - [07/Mar/2026:09:45:09 -0500] "GET /products/widget-c HTTP/1.1" 200 4320 "https://example.local/products/" "Mozilla/5.0 (X11; Linux x86_64) AppleWebKit/537.36"
192.168.1.22 - - [07/Mar/2026:10:00:04 -0500] "GET /api/data HTTP/1.1" 200 487320 "-" "Mozilla/5.0 (Macintosh; Intel Mac OS X 10_15_7) AppleWebKit/537.36"
192.168.1.10 - - [07/Mar/2026:10:00:31 -0500] "GET /api/data HTTP/1.1" 200 512884 "-" "Mozilla/5.0 (Windows NT 10.0; Win64; x64) AppleWebKit/537.36"
192.168.1.55 - - [07/Mar/2026:10:01:07 -0500] "GET /index.html HTTP/1.1" 200 489201 "-" "Mozilla/5.0 (Windows NT 10.0; Win64; x64) AppleWebKit/537.36"
192.168.1.66 - - [07/Mar/2026:10:01:44 -0500] "GET /api/data HTTP/1.1" 200 501344 "-" "Mozilla/5.0 (iPad; CPU OS 16_6 like Mac OS X)"
192.168.1.44 - - [07/Mar/2026:10:02:19 -0500] "GET /products/widget-a HTTP/1.1" 200 498762 "https://example.local/products/" "Mozilla/5.0 (iPhone; CPU iPhone OS 17_0 like Mac OS X)"
192.168.1.31 - - [07/Mar/2026:10:02:55 -0500] "GET /api/data HTTP/1.1" 200 523100 "-" "Mozilla/5.0 (X11; Linux x86_64) AppleWebKit/537.36"
192.168.1.10 - - [07/Mar/2026:10:03:30 -0500] "GET /index.html HTTP/1.1" 200 491500 "-" "Mozilla/5.0 (Windows NT 10.0; Win64; x64) AppleWebKit/537.36"
192.168.1.22 - - [07/Mar/2026:10:04:06 -0500] "GET /products/widget-b HTTP/1.1" 200 509880 "https://example.local/products/" "Mozilla/5.0 (Macintosh; Intel Mac OS X 10_15_7) AppleWebKit/537.36"
192.168.1.55 - - [07/Mar/2026:10:04:43 -0500] "GET /api/data HTTP/1.1" 200 496230 "-" "Mozilla/5.0 (Windows NT 10.0; Win64; x64) AppleWebKit/537.36"
192.168.1.66 - - [07/Mar/2026:10:05:18 -0500] "GET /about HTTP/1.1" 200 511750 "-" "Mozilla/5.0 (iPad; CPU OS 16_6 like Mac OS X)"
192.168.1.44 - - [07/Mar/2026:10:05:54 -0500] "GET /api/data HTTP/1.1" 200 503990 "-" "Mozilla/5.0 (iPhone; CPU iPhone OS 17_0 like Mac OS X)"
10.0.0.77 - - [07/Mar/2026:10:15:00 -0500] "GET /index.html HTTP/1.1" 200 5432 "-" "python-requests/2.31"
10.0.0.77 - - [07/Mar/2026:10:15:03 -0500] "GET /about HTTP/1.1" 200 3210 "-" "python-requests/2.31"
10.0.0.77 - - [07/Mar/2026:10:15:06 -0500] "GET /products/widget-a HTTP/1.1" 200 4780 "-" "python-requests/2.31"
10.0.0.77 - - [07/Mar/2026:10:15:09 -0500] "GET /products/widget-b HTTP/1.1" 200 5120 "-" "python-requests/2.31"
10.0.0.77 - - [07/Mar/2026:10:15:11 -0500] "GET /products/widget-c HTTP/1.1" 200 4320 "-" "python-requests/2.31"
10.0.0.77 - - [07/Mar/2026:10:15:14 -0500] "GET /api/data HTTP/1.1" 200 890 "-" "python-requests/2.31"
10.0.0.77 - - [07/Mar/2026:10:15:17 -0500] "GET /sitemap.xml HTTP/1.1" 200 2140 "-" "python-requests/2.31"
10.0.0.77 - - [07/Mar/2026:10:15:20 -0500] "GET /robots.txt HTTP/1.1" 200 128 "-" "python-requests/2.31"
10.0.0.77 - - [07/Mar/2026:10:15:44 -0500] "GET /images/logo.png HTTP/1.1" 200 12840 "-" "python-requests/2.31"
10.0.0.77 - - [07/Mar/2026:10:15:48 -0500] "GET /images/hero.jpg HTTP/1.1" 200 98430 "-" "python-requests/2.31"
10.0.0.77 - - [07/Mar/2026:10:15:51 -0500] "GET /contact HTTP/1.1" 200 2980 "-" "python-requests/2.31"
10.0.0.77 - - [07/Mar/2026:10:15:54 -0500] "GET /faq HTTP/1.1" 200 6120 "-" "python-requests/2.31"
10.0.0.5 - - [07/Mar/2026:10:20:01 -0500] "POST /api/auth HTTP/1.1" 401 192 "-" "curl/7.88.1"
10.0.0.5 - - [07/Mar/2026:10:20:08 -0500] "POST /api/auth HTTP/1.1" 401 192 "-" "curl/7.88.1"
10.0.0.5 - - [07/Mar/2026:10:20:15 -0500] "POST /admin/login HTTP/1.1" 401 215 "-" "curl/7.88.1"
10.0.0.5 - - [07/Mar/2026:10:20:22 -0500] "POST /admin/login HTTP/1.1" 401 215 "-" "curl/7.88.1"
10.0.0.5 - - [07/Mar/2026:10:20:29 -0500] "POST /api/auth HTTP/1.1" 401 192 "-" "curl/7.88.1"
10.0.0.5 - - [07/Mar/2026:10:20:36 -0500] "POST /admin/login HTTP/1.1" 401 215 "-" "curl/7.88.1"
10.0.0.99 - - [07/Mar/2026:10:25:11 -0500] "GET /../../../../etc/passwd HTTP/1.1" 400 326 "-" "python-requests/2.28"
192.168.1.33 - - [07/Mar/2026:10:30:02 -0500] "POST /api/checkout HTTP/1.1" 500 843 "-" "Mozilla/5.0 (Windows NT 10.0; Win64; x64) AppleWebKit/537.36"
192.168.1.33 - - [07/Mar/2026:10:30:47 -0500] "POST /api/checkout HTTP/1.1" 500 843 "-" "Mozilla/5.0 (Windows NT 10.0; Win64; x64) AppleWebKit/537.36"
192.168.1.33 - - [07/Mar/2026:10:31:52 -0500] "POST /api/checkout HTTP/1.1" 500 843 "-" "Mozilla/5.0 (Windows NT 10.0; Win64; x64) AppleWebKit/537.36"
192.168.1.33 - - [07/Mar/2026:10:34:15 -0500] "POST /api/checkout HTTP/1.1" 500 843 "-" "Mozilla/5.0 (Windows NT 10.0; Win64; x64) AppleWebKit/537.36"
